> # ---- (a) Load necessary libraries ----
> library(ggplot2)

> # ---- (b) Load the dataset ----
> # Kaggle dataset link: https://www.kaggle.com/competitions/house-prices-advanced-regression-techniques
> # You ca .... [TRUNCATED] 

> # View first few rows
> head(house_data)
  Id MSSubClass MSZoning LotFrontage LotArea Street Alley LotShape LandContour Utilities LotConfig LandSlope
1  1         60       RL          65    8450   Pave  <NA>      Reg         Lvl    AllPub    Inside       Gtl
2  2         20       RL          80    9600   Pave  <NA>      Reg         Lvl    AllPub       FR2       Gtl
3  3         60       RL          68   11250   Pave  <NA>      IR1         Lvl    AllPub    Inside       Gtl
4  4         70       RL          60    9550   Pave  <NA>      IR1         Lvl    AllPub    Corner       Gtl
5  5         60       RL          84   14260   Pave  <NA>      IR1         Lvl    AllPub       FR2       Gtl
6  6         50       RL          85   14115   Pave  <NA>      IR1         Lvl    AllPub    Inside       Gtl
  Neighborhood Condition1 Condition2 BldgType HouseStyle OverallQual OverallCond YearBuilt YearRemodAdd RoofStyle
1      CollgCr       Norm       Norm     1Fam     2Story           7           5      2003         2003     Gable
2      Veenker      Feedr       Norm     1Fam     1Story           6           8      1976         1976     Gable
3      CollgCr       Norm       Norm     1Fam     2Story           7           5      2001         2002     Gable
4      Crawfor       Norm       Norm     1Fam     2Story           7           5      1915         1970     Gable
5      NoRidge       Norm       Norm     1Fam     2Story           8           5      2000         2000     Gable
6      Mitchel       Norm       Norm     1Fam     1.5Fin           5           5      1993         1995     Gable
  RoofMatl Exterior1st Exterior2nd MasVnrType MasVnrArea ExterQual ExterCond Foundation BsmtQual BsmtCond BsmtExposure
1  CompShg     VinylSd     VinylSd    BrkFace        196        Gd        TA      PConc       Gd       TA           No
2  CompShg     MetalSd     MetalSd       None          0        TA        TA     CBlock       Gd       TA           Gd
3  CompShg     VinylSd     VinylSd    BrkFace        162        Gd        TA      PConc       Gd       TA           Mn
4  CompShg     Wd Sdng     Wd Shng       None          0        TA        TA     BrkTil       TA       Gd           No
5  CompShg     VinylSd     VinylSd    BrkFace        350        Gd        TA      PConc       Gd       TA           Av
6  CompShg     VinylSd     VinylSd       None          0        TA        TA       Wood       Gd       TA           No
  BsmtFinType1 BsmtFinSF1 BsmtFinType2 BsmtFinSF2 BsmtUnfSF TotalBsmtSF Heating HeatingQC CentralAir Electrical
1          GLQ        706          Unf          0       150         856    GasA        Ex          Y      SBrkr
2          ALQ        978          Unf          0       284        1262    GasA        Ex          Y      SBrkr
3          GLQ        486          Unf          0       434         920    GasA        Ex          Y      SBrkr
4          ALQ        216          Unf          0       540         756    GasA        Gd          Y      SBrkr
5          GLQ        655          Unf          0       490        1145    GasA        Ex          Y      SBrkr
6          GLQ        732          Unf          0        64         796    GasA        Ex          Y      SBrkr
  X1stFlrSF X2ndFlrSF LowQualFinSF GrLivArea BsmtFullBath BsmtHalfBath FullBath HalfBath BedroomAbvGr KitchenAbvGr
1       856       854            0      1710            1            0        2        1            3            1
2      1262         0            0      1262            0            1        2        0            3            1
3       920       866            0      1786            1            0        2        1            3            1
4       961       756            0      1717            1            0        1        0            3            1
5      1145      1053            0      2198            1            0        2        1            4            1
6       796       566            0      1362            1            0        1        1            1            1
  KitchenQual TotRmsAbvGrd Functional Fireplaces FireplaceQu GarageType GarageYrBlt GarageFinish GarageCars GarageArea
1          Gd            8        Typ          0        <NA>     Attchd        2003          RFn          2        548
2          TA            6        Typ          1          TA     Attchd        1976          RFn          2        460
3          Gd            6        Typ          1          TA     Attchd        2001          RFn          2        608
4          Gd            7        Typ          1          Gd     Detchd        1998          Unf          3        642
5          Gd            9        Typ          1          TA     Attchd        2000          RFn          3        836
6          TA            5        Typ          0        <NA>     Attchd        1993          Unf          2        480
  GarageQual GarageCond PavedDrive WoodDeckSF OpenPorchSF EnclosedPorch X3SsnPorch ScreenPorch PoolArea PoolQC Fence
1         TA         TA          Y          0          61             0          0           0        0   <NA>  <NA>
2         TA         TA          Y        298           0             0          0           0        0   <NA>  <NA>
3         TA         TA          Y          0          42             0          0           0        0   <NA>  <NA>
4         TA         TA          Y          0          35           272          0           0        0   <NA>  <NA>
5         TA         TA          Y        192          84             0          0           0        0   <NA>  <NA>
6         TA         TA          Y         40          30             0        320           0        0   <NA> MnPrv
  MiscFeature MiscVal MoSold YrSold SaleType SaleCondition SalePrice
1        <NA>       0      2   2008       WD        Normal    208500
2        <NA>       0      5   2007       WD        Normal    181500
3        <NA>       0      9   2008       WD        Normal    223500
4        <NA>       0      2   2006       WD       Abnorml    140000
5        <NA>       0     12   2008       WD        Normal    250000
6        Shed     700     10   2009       WD        Normal    143000

> # ---- (c) Select only the required variables: Price (SalePrice) and Size (GrLivArea) ----
> # GrLivArea = Above grade (ground) living area square f .... [TRUNCATED] 

> colnames(house_subset) <- c("size", "price")

> # ---- (d) Fit a simple linear regression model ----
> model <- lm(price ~ size, data = house_subset)

> # Display model summary
> summary(model)

Call:
lm(formula = price ~ size, data = house_subset)

Residuals:
    Min      1Q  Median      3Q     Max 
-462999  -29800   -1124   21957  339832 

Coefficients:
             Estimate Std. Error t value Pr(>|t|)    
(Intercept) 18569.026   4480.755   4.144 3.61e-05 ***
size          107.130      2.794  38.348  < 2e-16 ***
---
Signif. codes:  0 ‘***’ 0.001 ‘**’ 0.01 ‘*’ 0.05 ‘.’ 0.1 ‘ ’ 1

Residual standard error: 56070 on 1458 degrees of freedom
Multiple R-squared:  0.5021,	Adjusted R-squared:  0.5018 
F-statistic:  1471 on 1 and 1458 DF,  p-value: < 2.2e-16


> # Extract regression coefficients
> intercept <- coef(model)[1]

> slope <- coef(model)[2]

> cat("Intercept:", intercept, "\n")
Intercept: 18569.03 

> cat("Slope:", slope, "\n")
Slope: 107.1304 

> # ---- (e) Plot scatter plot with regression line ----
> ggplot(house_subset, aes(x = size, y = price)) +
+   geom_point(color = "blue", alpha = 0.6 .... [TRUNCATED] 
`geom_smooth()` using formula = 'y ~ x'